Source files that end in .c will be compiled automatically with gcc,
while source files that end in .cpp will be compiled automatically with g++.
For those that prefer C, they can either use the provided C++
argument parser and write everything else in C, or delete the
provided main.cpp and start from scratch.
Those who have both .c and .cpp files should ensure to have a compatible ABI when calling C functions from C++ (see `hello.h` on how to do this).

My PID: 3989
From a new terminal type `kill -SIGINT 3989` or `kill -SIGTERM 3989` to stop processing packets

My ID: 2

List of resolved hosts is:
==========================
1
Human-readable IP: 127.0.0.1
Machine-readable IP: 16777343
Human-readbale Port: 11001
Machine-readbale Port: 63786

2
Human-readable IP: 127.0.0.1
Machine-readable IP: 16777343
Human-readbale Port: 11002
Machine-readbale Port: 64042

3
Human-readable IP: 127.0.0.1
Machine-readable IP: 16777343
Human-readbale Port: 11003
Machine-readbale Port: 64298


Path to output:
===============
/media/sf_CS451-2025-project/example/output/proc02.output

Path to config:
===============
../example/output/config

Doing some initialization...

setting up sender with process id 2
Broadcasting and delivering messages...

sending
sent 2 1
sending
sent 2 2
sending
sent 2 3
sending
sent 2 4
sending
sent 2 5
All done, let's sleep!
Immediately stopping network packet processing.
Writing output.
