
My PID: 9576
From a new terminal type `kill -SIGINT 9576` or `kill -SIGTERM 9576` to stop processing packets

My ID: 1

List of resolved hosts is:
==========================
1
Human-readable IP: 127.0.0.1
Machine-readable IP: 16777343
Human-readbale Port: 11001
Machine-readbale Port: 63786

2
Human-readable IP: 127.0.0.1
Machine-readable IP: 16777343
Human-readbale Port: 11002
Machine-readbale Port: 64042

3
Human-readable IP: 127.0.0.1
Machine-readable IP: 16777343
Human-readbale Port: 11003
Machine-readbale Port: 64298


Path to output:
===============
/media/sf_CS451-2025-project/example/output/proc01.output

Path to config:
===============
../example/output/config

Doing some initialization...

i'm receiver
setting up receiver with process id 1
opened file /media/sf_CS451-2025-project/example/output/proc01.output 1 0
Broadcasting and delivering messages...

fl_r 2 5 packets
fl_r buffer 12345
fl_r 2: 1
fl_r 2: 2
fl_r 2: 3
fl_r 2: 4
fl_r 2: 5
st_r 2 
pf_r 2 
rec 2 
fl_r 3 5 packets
fl_r buffer 12345
fl_r 3: 1
fl_r 3: 2
fl_r 3: 3
fl_r 3: 4
fl_r 3: 5
st_r 3 
pf_r 3 
rec 3 
